Archive member included because of file (symbol)

contiki-launchpad.a(process.o)
                              readadc-event.co (process_current)
contiki-launchpad.a(autostart.o)
                              obj_launchpad/contiki-launchpad-main.o (autostart_start)
contiki-launchpad.a(serial-line.o)
                              obj_launchpad/contiki-launchpad-main.o (serial_line_input_byte)
contiki-launchpad.a(etimer.o)
                              obj_launchpad/contiki-launchpad-main.o (etimer_process)
contiki-launchpad.a(ctimer.o)
                              obj_launchpad/contiki-launchpad-main.o (ctimer_init)
contiki-launchpad.a(rtimer.o)
                              obj_launchpad/contiki-launchpad-main.o (rtimer_init)
contiki-launchpad.a(ringbuf.o)
                              contiki-launchpad.a(serial-line.o) (ringbuf_init)
contiki-launchpad.a(uart0.o)  obj_launchpad/contiki-launchpad-main.o (uart0_active)
contiki-launchpad.a(adc.o)    obj_launchpad/contiki-launchpad-main.o (adc_init)
contiki-launchpad.a(pwm.o)    obj_launchpad/contiki-launchpad-main.o (pwm_init)
contiki-launchpad.a(button.o)
                              obj_launchpad/contiki-launchpad-main.o (button_init)
contiki-launchpad.a(msp430.o)
                              obj_launchpad/contiki-launchpad-main.o (msp430_cpu_init)
contiki-launchpad.a(clock.o)  contiki-launchpad.a(etimer.o) (clock_time)
contiki-launchpad.a(minileds.o)
                              obj_launchpad/contiki-launchpad-main.o (leds_init)
contiki-launchpad.a(watchdog.o)
                              obj_launchpad/contiki-launchpad-main.o (watchdog_start)
contiki-launchpad.a(rtimer-arch.o)
                              contiki-launchpad.a(rtimer.o) (rtimer_arch_init)
contiki-launchpad.a(timer.o)  contiki-launchpad.a(etimer.o) (timer_set)
contiki-launchpad.a(list.o)   contiki-launchpad.a(ctimer.o) (list_init)
/usr/lib/gcc/msp430/4.6.3/libgcc.a(_mulhi3.o)
                              contiki-launchpad.a(pwm.o) (__mulhi3)
/usr/lib/gcc/msp430/4.6.3/libgcc.a(_udivmod16.o)
                              contiki-launchpad.a(pwm.o) (__udivhi3)
/usr/lib/gcc/msp430/4.6.3/../../../../msp430/lib/libc.a(printf.o)
                              readadc-event.co (printf)
/usr/lib/gcc/msp430/4.6.3/../../../../msp430/lib/libc.a(vuprintf.o)
                              /usr/lib/gcc/msp430/4.6.3/../../../../msp430/lib/libc.a(printf.o) (vuprintf)
/usr/lib/gcc/msp430/4.6.3/../../../../msp430/lib/libc.a(puts.o)
                              obj_launchpad/contiki-launchpad-main.o (puts)
/usr/lib/gcc/msp430/4.6.3/libgcc.a(_udivmod32.o)
                              /usr/lib/gcc/msp430/4.6.3/../../../../msp430/lib/libc.a(vuprintf.o) (__udivsi3)
/usr/lib/gcc/msp430/4.6.3/libgcc.a(_udivmod64.o)
                              /usr/lib/gcc/msp430/4.6.3/../../../../msp430/lib/libc.a(vuprintf.o) (__udivdi3)
/usr/lib/gcc/msp430/4.6.3/libcrt0.a(_reset_vector__.o)
                              (_reset_vector__)
/usr/lib/gcc/msp430/4.6.3/libcrt0.a(__watchdog_support.o)
                              /usr/lib/gcc/msp430/4.6.3/libcrt0.a(_reset_vector__.o) (__watchdog_support)
/usr/lib/gcc/msp430/4.6.3/libcrt0.a(__init_stack.o)
                              /usr/lib/gcc/msp430/4.6.3/libcrt0.a(_reset_vector__.o) (__init_stack)
/usr/lib/gcc/msp430/4.6.3/libcrt0.a(__low_level_init.o)
                              /usr/lib/gcc/msp430/4.6.3/libcrt0.a(_reset_vector__.o) (__low_level_init)
/usr/lib/gcc/msp430/4.6.3/libcrt0.a(_copy_data.o)
                              /usr/lib/gcc/msp430/4.6.3/libcrt0.a(_reset_vector__.o) (__do_copy_data)
/usr/lib/gcc/msp430/4.6.3/libcrt0.a(_clear_bss.o)
                              /usr/lib/gcc/msp430/4.6.3/libcrt0.a(_reset_vector__.o) (__do_clear_bss)
/usr/lib/gcc/msp430/4.6.3/libcrt0.a(__stop_progExec__.o)
                              /usr/lib/gcc/msp430/4.6.3/libcrt0.a(_reset_vector__.o) (__stop_progExec__)
/usr/lib/gcc/msp430/4.6.3/libcrt0.a(_endless_loop__.o)
                              /usr/lib/gcc/msp430/4.6.3/libcrt0.a(_reset_vector__.o) (_endless_loop__)
/usr/lib/gcc/msp430/4.6.3/libcrt0.a(_unexpected_.o)
                              /usr/lib/gcc/msp430/4.6.3/crt0ivtbl16.o (_unexpected_)

Allocating common symbols
Common symbol       size              file

process_maxevents   0x1               contiki-launchpad.a(process.o)
spwm                0x4               contiki-launchpad.a(rtimer-arch.o)
adc_event           0x1               readadc-event.co
pwms                0x8               contiki-launchpad.a(pwm.o)
serial_line_event_message
                    0x1               contiki-launchpad.a(serial-line.o)
button_event        0x1               obj_launchpad/contiki-launchpad-main.o

Discarded input sections

 .data          0x00000000        0x0 /usr/lib/gcc/msp430/4.6.3/crt0ivtbl16.o
 .bss           0x00000000        0x0 /usr/lib/gcc/msp430/4.6.3/crt0ivtbl16.o
 .text.crt0     0x00000000        0x0 /usr/lib/gcc/msp430/4.6.3/crt0ivtbl16.o
 .text          0x00000000        0x0 readadc-event.co
 .data          0x00000000        0x0 readadc-event.co
 .bss           0x00000000        0x0 readadc-event.co
 .text          0x00000000        0x0 obj_launchpad/contiki-launchpad-main.o
 .data          0x00000000        0x0 obj_launchpad/contiki-launchpad-main.o
 .bss           0x00000000        0x0 obj_launchpad/contiki-launchpad-main.o
 .text.msp430_request_lpm_dco
                0x00000000        0xe obj_launchpad/contiki-launchpad-main.o
 .text.msp430_return_lpm_dco
                0x00000000        0xe obj_launchpad/contiki-launchpad-main.o
 .text          0x00000000        0x0 contiki-launchpad.a(process.o)
 .data          0x00000000        0x0 contiki-launchpad.a(process.o)
 .bss           0x00000000        0x0 contiki-launchpad.a(process.o)
 .text.process_exit
                0x00000000        0xa contiki-launchpad.a(process.o)
 .text.process_is_running
                0x00000000        0xe contiki-launchpad.a(process.o)
 .text          0x00000000        0x0 contiki-launchpad.a(autostart.o)
 .data          0x00000000        0x0 contiki-launchpad.a(autostart.o)
 .bss           0x00000000        0x0 contiki-launchpad.a(autostart.o)
 .text.autostart_exit
                0x00000000       0x14 contiki-launchpad.a(autostart.o)
 .text          0x00000000        0x0 contiki-launchpad.a(serial-line.o)
 .data          0x00000000        0x0 contiki-launchpad.a(serial-line.o)
 .bss           0x00000000        0x0 contiki-launchpad.a(serial-line.o)
 .text          0x00000000        0x0 contiki-launchpad.a(etimer.o)
 .data          0x00000000        0x0 contiki-launchpad.a(etimer.o)
 .bss           0x00000000        0x0 contiki-launchpad.a(etimer.o)
 .text.etimer_reset
                0x00000000       0x12 contiki-launchpad.a(etimer.o)
 .text.etimer_restart
                0x00000000       0x12 contiki-launchpad.a(etimer.o)
 .text.etimer_adjust
                0x00000000       0x1a contiki-launchpad.a(etimer.o)
 .text.etimer_expiration_time
                0x00000000       0x14 contiki-launchpad.a(etimer.o)
 .text.etimer_start_time
                0x00000000        0x8 contiki-launchpad.a(etimer.o)
 .text.etimer_stop
                0x00000000       0x3c contiki-launchpad.a(etimer.o)
 .text          0x00000000        0x0 contiki-launchpad.a(ctimer.o)
 .data          0x00000000        0x0 contiki-launchpad.a(ctimer.o)
 .bss           0x00000000        0x0 contiki-launchpad.a(ctimer.o)
 .text.ctimer_set
                0x00000000       0x5a contiki-launchpad.a(ctimer.o)
 .text.ctimer_reset
                0x00000000       0x3a contiki-launchpad.a(ctimer.o)
 .text.ctimer_restart
                0x00000000       0x3a contiki-launchpad.a(ctimer.o)
 .text.ctimer_stop
                0x00000000       0x28 contiki-launchpad.a(ctimer.o)
 .text.ctimer_expired
                0x00000000       0x32 contiki-launchpad.a(ctimer.o)
 .text          0x00000000        0x0 contiki-launchpad.a(rtimer.o)
 .data          0x00000000        0x0 contiki-launchpad.a(rtimer.o)
 .bss           0x00000000        0x0 contiki-launchpad.a(rtimer.o)
 .text.rtimer_set
                0x00000000       0x24 contiki-launchpad.a(rtimer.o)
 .text          0x00000000        0x0 contiki-launchpad.a(ringbuf.o)
 .data          0x00000000        0x0 contiki-launchpad.a(ringbuf.o)
 .bss           0x00000000        0x0 contiki-launchpad.a(ringbuf.o)
 .text.ringbuf_size
                0x00000000        0x8 contiki-launchpad.a(ringbuf.o)
 .text.ringbuf_elements
                0x00000000       0x12 contiki-launchpad.a(ringbuf.o)
 .text          0x00000000        0x0 contiki-launchpad.a(uart0.o)
 .data          0x00000000        0x0 contiki-launchpad.a(uart0.o)
 .bss           0x00000000        0x0 contiki-launchpad.a(uart0.o)
 .text          0x00000000        0x0 contiki-launchpad.a(adc.o)
 .data          0x00000000        0x0 contiki-launchpad.a(adc.o)
 .bss           0x00000000        0x0 contiki-launchpad.a(adc.o)
 .text.adc_stop
                0x00000000       0x16 contiki-launchpad.a(adc.o)
 .text.adc_get_noblock
                0x00000000       0x58 contiki-launchpad.a(adc.o)
 .text.adc_get  0x00000000       0x5e contiki-launchpad.a(adc.o)
 .text.adc_get_poll
                0x00000000       0x5c contiki-launchpad.a(adc.o)
 .text          0x00000000        0x0 contiki-launchpad.a(pwm.o)
 .data          0x00000000        0x0 contiki-launchpad.a(pwm.o)
 .bss           0x00000000        0x0 contiki-launchpad.a(pwm.o)
 .text.pwm_on   0x00000000      0x10c contiki-launchpad.a(pwm.o)
 .text.pwm_pulsetime
                0x00000000       0x3c contiki-launchpad.a(pwm.o)
 .text.pwm_period
                0x00000000        0x6 contiki-launchpad.a(pwm.o)
 .text.pwm_off  0x00000000       0x48 contiki-launchpad.a(pwm.o)
 .text.pwm_dc   0x00000000       0x14 contiki-launchpad.a(pwm.o)
 .text.pwm_all_off
                0x00000000       0x5e contiki-launchpad.a(pwm.o)
 .text.pwm_confpin
                0x00000000       0x38 contiki-launchpad.a(pwm.o)
 .text          0x00000000        0x0 contiki-launchpad.a(button.o)
 .data          0x00000000        0x0 contiki-launchpad.a(button.o)
 .bss           0x00000000        0x0 contiki-launchpad.a(button.o)
 .text.button_pressed
                0x00000000        0x8 contiki-launchpad.a(button.o)
 .text          0x00000000        0x0 contiki-launchpad.a(msp430.o)
 .data          0x00000000        0x0 contiki-launchpad.a(msp430.o)
 .bss           0x00000000        0x0 contiki-launchpad.a(msp430.o)
 .text.w_memcpy
                0x00000000       0x12 contiki-launchpad.a(msp430.o)
 .text.w_memset
                0x00000000       0x12 contiki-launchpad.a(msp430.o)
 .text          0x00000000        0x0 contiki-launchpad.a(clock.o)
 .data          0x00000000        0x0 contiki-launchpad.a(clock.o)
 .bss           0x00000000        0x0 contiki-launchpad.a(clock.o)
 .text.clock_set
                0x00000000       0x16 contiki-launchpad.a(clock.o)
 .text.clock_fine_max
                0x00000000        0x6 contiki-launchpad.a(clock.o)
 .text.clock_fine
                0x00000000        0xc contiki-launchpad.a(clock.o)
 .text.clock_delay
                0x00000000        0xc contiki-launchpad.a(clock.o)
 .text.clock_wait
                0x00000000       0x34 contiki-launchpad.a(clock.o)
 .text.clock_set_seconds
                0x00000000       0x1c contiki-launchpad.a(clock.o)
 .text.clock_seconds
                0x00000000       0x1a contiki-launchpad.a(clock.o)
 .text.clock_counter
                0x00000000        0xe contiki-launchpad.a(clock.o)
 .text          0x00000000        0x0 contiki-launchpad.a(minileds.o)
 .data          0x00000000        0x0 contiki-launchpad.a(minileds.o)
 .bss           0x00000000        0x0 contiki-launchpad.a(minileds.o)
 .text.leds_toggle
                0x00000000       0x42 contiki-launchpad.a(minileds.o)
 .text          0x00000000        0x0 contiki-launchpad.a(watchdog.o)
 .data          0x00000000        0x0 contiki-launchpad.a(watchdog.o)
 .bss           0x00000000        0x0 contiki-launchpad.a(watchdog.o)
 .text.watchdog_reboot
                0x00000000        0x6 contiki-launchpad.a(watchdog.o)
 .text          0x00000000        0x0 contiki-launchpad.a(rtimer-arch.o)
 .data          0x00000000        0x0 contiki-launchpad.a(rtimer-arch.o)
 .bss           0x00000000        0x0 contiki-launchpad.a(rtimer-arch.o)
 .text.rtimer_arch_now
                0x00000000       0x20 contiki-launchpad.a(rtimer-arch.o)
 .text.simple_pwm_confpin
                0x00000000       0x3c contiki-launchpad.a(rtimer-arch.o)
 .text.simple_pwm_on
                0x00000000       0x92 contiki-launchpad.a(rtimer-arch.o)
 .text.simple_pwm_pulsetime
                0x00000000       0x74 contiki-launchpad.a(rtimer-arch.o)
 .text.simple_pwm_off
                0x00000000       0x26 contiki-launchpad.a(rtimer-arch.o)
 .text          0x00000000        0x0 contiki-launchpad.a(timer.o)
 .data          0x00000000        0x0 contiki-launchpad.a(timer.o)
 .bss           0x00000000        0x0 contiki-launchpad.a(timer.o)
 .text.timer_reset
                0x00000000        0xe contiki-launchpad.a(timer.o)
 .text.timer_restart
                0x00000000       0x14 contiki-launchpad.a(timer.o)
 .text.timer_remaining
                0x00000000       0x28 contiki-launchpad.a(timer.o)
 .text          0x00000000        0x0 contiki-launchpad.a(list.o)
 .data          0x00000000        0x0 contiki-launchpad.a(list.o)
 .bss           0x00000000        0x0 contiki-launchpad.a(list.o)
 .text.list_copy
                0x00000000        0x6 contiki-launchpad.a(list.o)
 .text.list_tail
                0x00000000       0x12 contiki-launchpad.a(list.o)
 .text.list_chop
                0x00000000       0x24 contiki-launchpad.a(list.o)
 .text.list_pop
                0x00000000        0xe contiki-launchpad.a(list.o)
 .text.list_push
                0x00000000       0x1a contiki-launchpad.a(list.o)
 .text.list_add
                0x00000000       0x2a contiki-launchpad.a(list.o)
 .text.list_length
                0x00000000       0x10 contiki-launchpad.a(list.o)
 .text.list_insert
                0x00000000       0x16 contiki-launchpad.a(list.o)
 .text.list_item_next
                0x00000000        0xc contiki-launchpad.a(list.o)
 .text          0x00000000        0x0 /usr/lib/gcc/msp430/4.6.3/libgcc.a(_mulhi3.o)
 .data          0x00000000        0x0 /usr/lib/gcc/msp430/4.6.3/libgcc.a(_mulhi3.o)
 .bss           0x00000000        0x0 /usr/lib/gcc/msp430/4.6.3/libgcc.a(_mulhi3.o)
 .text.libgcc   0x00000000       0x18 /usr/lib/gcc/msp430/4.6.3/libgcc.a(_mulhi3.o)
 .text          0x00000000        0x0 /usr/lib/gcc/msp430/4.6.3/libgcc.a(_udivmod16.o)
 .data          0x00000000        0x0 /usr/lib/gcc/msp430/4.6.3/libgcc.a(_udivmod16.o)
 .bss           0x00000000        0x0 /usr/lib/gcc/msp430/4.6.3/libgcc.a(_udivmod16.o)
 .data          0x00000000        0x0 /usr/lib/gcc/msp430/4.6.3/../../../../msp430/lib/libc.a(printf.o)
 .bss           0x00000000        0x0 /usr/lib/gcc/msp430/4.6.3/../../../../msp430/lib/libc.a(printf.o)
 .data          0x00000000        0x0 /usr/lib/gcc/msp430/4.6.3/../../../../msp430/lib/libc.a(vuprintf.o)
 .bss           0x00000000        0x0 /usr/lib/gcc/msp430/4.6.3/../../../../msp430/lib/libc.a(vuprintf.o)
 .data          0x00000000        0x0 /usr/lib/gcc/msp430/4.6.3/../../../../msp430/lib/libc.a(puts.o)
 .bss           0x00000000        0x0 /usr/lib/gcc/msp430/4.6.3/../../../../msp430/lib/libc.a(puts.o)
 .text          0x00000000        0x0 /usr/lib/gcc/msp430/4.6.3/libgcc.a(_udivmod32.o)
 .data          0x00000000        0x0 /usr/lib/gcc/msp430/4.6.3/libgcc.a(_udivmod32.o)
 .bss           0x00000000        0x0 /usr/lib/gcc/msp430/4.6.3/libgcc.a(_udivmod32.o)
 .text          0x00000000        0x0 /usr/lib/gcc/msp430/4.6.3/libgcc.a(_udivmod64.o)
 .data          0x00000000        0x0 /usr/lib/gcc/msp430/4.6.3/libgcc.a(_udivmod64.o)
 .bss           0x00000000        0x0 /usr/lib/gcc/msp430/4.6.3/libgcc.a(_udivmod64.o)
 .text          0x00000000        0x0 /usr/lib/gcc/msp430/4.6.3/libcrt0.a(_reset_vector__.o)
 .data          0x00000000        0x0 /usr/lib/gcc/msp430/4.6.3/libcrt0.a(_reset_vector__.o)
 .bss           0x00000000        0x0 /usr/lib/gcc/msp430/4.6.3/libcrt0.a(_reset_vector__.o)
 .text          0x00000000        0x0 /usr/lib/gcc/msp430/4.6.3/libcrt0.a(__watchdog_support.o)
 .data          0x00000000        0x0 /usr/lib/gcc/msp430/4.6.3/libcrt0.a(__watchdog_support.o)
 .bss           0x00000000        0x0 /usr/lib/gcc/msp430/4.6.3/libcrt0.a(__watchdog_support.o)
 .text          0x00000000        0x0 /usr/lib/gcc/msp430/4.6.3/libcrt0.a(__init_stack.o)
 .data          0x00000000        0x0 /usr/lib/gcc/msp430/4.6.3/libcrt0.a(__init_stack.o)
 .bss           0x00000000        0x0 /usr/lib/gcc/msp430/4.6.3/libcrt0.a(__init_stack.o)
 .text          0x00000000        0x0 /usr/lib/gcc/msp430/4.6.3/libcrt0.a(__low_level_init.o)
 .data          0x00000000        0x0 /usr/lib/gcc/msp430/4.6.3/libcrt0.a(__low_level_init.o)
 .bss           0x00000000        0x0 /usr/lib/gcc/msp430/4.6.3/libcrt0.a(__low_level_init.o)
 .text          0x00000000        0x0 /usr/lib/gcc/msp430/4.6.3/libcrt0.a(_copy_data.o)
 .data          0x00000000        0x0 /usr/lib/gcc/msp430/4.6.3/libcrt0.a(_copy_data.o)
 .bss           0x00000000        0x0 /usr/lib/gcc/msp430/4.6.3/libcrt0.a(_copy_data.o)
 .text          0x00000000        0x0 /usr/lib/gcc/msp430/4.6.3/libcrt0.a(_clear_bss.o)
 .data          0x00000000        0x0 /usr/lib/gcc/msp430/4.6.3/libcrt0.a(_clear_bss.o)
 .bss           0x00000000        0x0 /usr/lib/gcc/msp430/4.6.3/libcrt0.a(_clear_bss.o)
 .text          0x00000000        0x0 /usr/lib/gcc/msp430/4.6.3/libcrt0.a(__stop_progExec__.o)
 .data          0x00000000        0x0 /usr/lib/gcc/msp430/4.6.3/libcrt0.a(__stop_progExec__.o)
 .bss           0x00000000        0x0 /usr/lib/gcc/msp430/4.6.3/libcrt0.a(__stop_progExec__.o)
 .text          0x00000000        0x0 /usr/lib/gcc/msp430/4.6.3/libcrt0.a(_endless_loop__.o)
 .data          0x00000000        0x0 /usr/lib/gcc/msp430/4.6.3/libcrt0.a(_endless_loop__.o)
 .bss           0x00000000        0x0 /usr/lib/gcc/msp430/4.6.3/libcrt0.a(_endless_loop__.o)
 .text          0x00000000        0x0 /usr/lib/gcc/msp430/4.6.3/libcrt0.a(_unexpected_.o)
 .data          0x00000000        0x0 /usr/lib/gcc/msp430/4.6.3/libcrt0.a(_unexpected_.o)
 .bss           0x00000000        0x0 /usr/lib/gcc/msp430/4.6.3/libcrt0.a(_unexpected_.o)

Memory Configuration

Name             Origin             Length             Attributes
sfr              0x00000000         0x00000010
peripheral_8bit  0x00000010         0x000000f0
peripheral_16bit 0x00000100         0x00000100
ram              0x00000200         0x00000200         xw
infomem          0x00001000         0x00000100
infod            0x00001000         0x00000040
infoc            0x00001040         0x00000040
infob            0x00001080         0x00000040
infoa            0x000010c0         0x00000040
rom              0x0000c000         0x00003fe0         xr
vectors          0x0000ffe0         0x00000020
bsl              0x00000000         0x00000000
ram2             0x00000000         0x00000000         xw
ram_mirror       0x00000000         0x00000000         xw
usbram           0x00000000         0x00000000         xw
far_rom          0x00000000         0x00000000
*default*        0x00000000         0xffffffff

Linker script and memory map

LOAD /usr/lib/gcc/msp430/4.6.3/crt0ivtbl16.o
LOAD readadc-event.co
LOAD obj_launchpad/contiki-launchpad-main.o
LOAD contiki-launchpad.a
LOAD /usr/lib/gcc/msp430/4.6.3/libgcc.a
LOAD /usr/lib/gcc/msp430/4.6.3/../../../../msp430/lib/libc.a
LOAD /usr/lib/gcc/msp430/4.6.3/libgcc.a
LOAD /usr/lib/gcc/msp430/4.6.3/libcrt0.a
                0x00000040                PROVIDE (__info_segment_size, 0x40)
                0x00001000                PROVIDE (__infod, 0x1000)
                0x00001040                PROVIDE (__infoc, 0x1040)
                0x00001080                PROVIDE (__infob, 0x1080)
                0x000010c0                PROVIDE (__infoa, 0x10c0)
                0x00000000                __IE1 = 0x0
                0x00000002                __IFG1 = 0x2
                0x00000001                __IE2 = 0x1
                0x00000003                __IFG2 = 0x3
                0x00000048                __ADC10DTC0 = 0x48
                0x00000049                __ADC10DTC1 = 0x49
                0x0000004a                __ADC10AE0 = 0x4a
                0x000001b0                __ADC10CTL0 = 0x1b0
                0x000001b2                __ADC10CTL1 = 0x1b2
                0x000001b4                __ADC10MEM = 0x1b4
                0x000001bc                __ADC10SA = 0x1bc
                0x00000056                __DCOCTL = 0x56
                0x00000057                __BCSCTL1 = 0x57
                0x00000058                __BCSCTL2 = 0x58
                0x00000053                __BCSCTL3 = 0x53
                0x00000059                __CACTL1 = 0x59
                0x0000005a                __CACTL2 = 0x5a
                0x0000005b                __CAPD = 0x5b
                0x00000128                __FCTL1 = 0x128
                0x0000012a                __FCTL2 = 0x12a
                0x0000012c                __FCTL3 = 0x12c
                0x00000020                __P1IN = 0x20
                0x00000021                __P1OUT = 0x21
                0x00000022                __P1DIR = 0x22
                0x00000023                __P1IFG = 0x23
                0x00000024                __P1IES = 0x24
                0x00000025                __P1IE = 0x25
                0x00000026                __P1SEL = 0x26
                0x00000041                __P1SEL2 = 0x41
                0x00000027                __P1REN = 0x27
                0x00000028                __P2IN = 0x28
                0x00000029                __P2OUT = 0x29
                0x0000002a                __P2DIR = 0x2a
                0x0000002b                __P2IFG = 0x2b
                0x0000002c                __P2IES = 0x2c
                0x0000002d                __P2IE = 0x2d
                0x0000002e                __P2SEL = 0x2e
                0x00000042                __P2SEL2 = 0x42
                0x0000002f                __P2REN = 0x2f
                0x00000018                __P3IN = 0x18
                0x00000019                __P3OUT = 0x19
                0x0000001a                __P3DIR = 0x1a
                0x0000001b                __P3SEL = 0x1b
                0x00000043                __P3SEL2 = 0x43
                0x00000010                __P3REN = 0x10
                0x0000012e                __TA0IV = 0x12e
                0x00000160                __TA0CTL = 0x160
                0x00000162                __TA0CCTL0 = 0x162
                0x00000164                __TA0CCTL1 = 0x164
                0x00000166                __TA0CCTL2 = 0x166
                0x00000170                __TA0R = 0x170
                0x00000172                __TA0CCR0 = 0x172
                0x00000174                __TA0CCR1 = 0x174
                0x00000176                __TA0CCR2 = 0x176
                0x0000011e                __TA1IV = 0x11e
                0x00000180                __TA1CTL = 0x180
                0x00000182                __TA1CCTL0 = 0x182
                0x00000184                __TA1CCTL1 = 0x184
                0x00000186                __TA1CCTL2 = 0x186
                0x00000190                __TA1R = 0x190
                0x00000192                __TA1CCR0 = 0x192
                0x00000194                __TA1CCR1 = 0x194
                0x00000196                __TA1CCR2 = 0x196
                0x00000060                __UCA0CTL0 = 0x60
                0x00000061                __UCA0CTL1 = 0x61
                0x00000062                __UCA0BR0 = 0x62
                0x00000063                __UCA0BR1 = 0x63
                0x00000064                __UCA0MCTL = 0x64
                0x00000065                __UCA0STAT = 0x65
                0x00000066                __UCA0RXBUF = 0x66
                0x00000067                __UCA0TXBUF = 0x67
                0x0000005d                __UCA0ABCTL = 0x5d
                0x0000005e                __UCA0IRTCTL = 0x5e
                0x0000005f                __UCA0IRRCTL = 0x5f
                0x00000068                __UCB0CTL0 = 0x68
                0x00000069                __UCB0CTL1 = 0x69
                0x0000006a                __UCB0BR0 = 0x6a
                0x0000006b                __UCB0BR1 = 0x6b
                0x0000006c                __UCB0I2CIE = 0x6c
                0x0000006d                __UCB0STAT = 0x6d
                0x0000006e                __UCB0RXBUF = 0x6e
                0x0000006f                __UCB0TXBUF = 0x6f
                0x00000118                __UCB0I2COA = 0x118
                0x0000011a                __UCB0I2CSA = 0x11a
                0x00000120                __WDTCTL = 0x120
                0x000010f8                __CALDCO_16MHZ = 0x10f8
                0x000010f9                __CALBC1_16MHZ = 0x10f9
                0x000010fa                __CALDCO_12MHZ = 0x10fa
                0x000010fb                __CALBC1_12MHZ = 0x10fb
                0x000010fc                __CALDCO_8MHZ = 0x10fc
                0x000010fd                __CALBC1_8MHZ = 0x10fd
                0x000010fe                __CALDCO_1MHZ = 0x10fe
                0x000010ff                __CALBC1_1MHZ = 0x10ff

.hash
 *(.hash)

.dynsym
 *(.dynsym)

.dynstr
 *(.dynstr)

.gnu.version
 *(.gnu.version)

.gnu.version_d
 *(.gnu.version_d)

.gnu.version_r
 *(.gnu.version_r)

.rel.init
 *(.rel.init)

.rela.init
 *(.rela.init)

.rel.fini
 *(.rel.fini)

.rela.fini
 *(.rela.fini)

.rel.text
 *(.rel.text .rel.text.* .rel.gnu.linkonce.t.*)

.rela.text
 *(.rela.text .rela.text.* .rela.gnu.linkonce.t.*)

.rel.rodata
 *(.rel.rodata .rel.rodata.* .rel.gnu.linkonce.r.*)

.rela.rodata
 *(.rela.rodata .rela.rodata.* .rela.gnu.linkonce.r.*)

.rel.data
 *(.rel.data .rel.data.* .rel.gnu.linkonce.d.*)

.rela.data
 *(.rela.data .rela.data.* .rela.gnu.linkonce.d.*)

.rel.bss
 *(.rel.bss .rel.bss.* .rel.gnu.linkonce.b.*)

.rela.bss
 *(.rela.bss .rela.bss.* .rela.gnu.linkonce.b.*)

.rel.ctors
 *(.rel.ctors)

.rela.ctors
 *(.rela.ctors)

.rel.dtors
 *(.rel.dtors)

.rela.dtors
 *(.rela.dtors)

.rel.got
 *(.rel.got)

.rela.got
 *(.rela.got)

.rel.plt
 *(.rel.plt)

.rela.plt
 *(.rela.plt)

.text           0x0000c000     0x1986
                0x0000c000                . = ALIGN (0x2)
 *(.init .init.*)
 *(.init0)
 .init0         0x0000c000        0x0 /usr/lib/gcc/msp430/4.6.3/libcrt0.a(_reset_vector__.o)
                0x0000c000                _reset_vector__
 *(.init1)
 .init1         0x0000c000        0xc /usr/lib/gcc/msp430/4.6.3/libcrt0.a(__watchdog_support.o)
                0x0000c000                __watchdog_support
 *(.init2)
 .init2         0x0000c00c        0x4 /usr/lib/gcc/msp430/4.6.3/libcrt0.a(__init_stack.o)
                0x0000c00c                __init_stack
 *(.init3)
 .init3         0x0000c010        0x0 /usr/lib/gcc/msp430/4.6.3/libcrt0.a(__low_level_init.o)
                0x0000c010                __low_level_init
 *(.init4)
 .init4         0x0000c010       0x18 /usr/lib/gcc/msp430/4.6.3/libcrt0.a(_copy_data.o)
                0x0000c010                __do_copy_data
 .init4         0x0000c028       0x16 /usr/lib/gcc/msp430/4.6.3/libcrt0.a(_clear_bss.o)
                0x0000c028                __do_clear_bss
 *(.init5)
 *(.init6)
 *(.init7)
 *(.init8)
 *(.init9)
 .init9         0x0000c03e       0xa4 obj_launchpad/contiki-launchpad-main.o
                0x0000c03e                main
 *(.fini9)
 .fini9         0x0000c0e2        0x0 /usr/lib/gcc/msp430/4.6.3/libcrt0.a(__stop_progExec__.o)
                0x0000c0e2                __stop_progExec__
 *(.fini8)
 *(.fini7)
 *(.fini6)
 *(.fini5)
 *(.fini4)
 *(.fini3)
 *(.fini2)
 *(.fini1)
 *(.fini0)
 .fini0         0x0000c0e2        0x6 /usr/lib/gcc/msp430/4.6.3/libcrt0.a(_endless_loop__.o)
                0x0000c0e2                _endless_loop__
 *(.fini .fini.*)
                0x0000c0e8                . = ALIGN (0x2)
                0x0000c0e8                __ctors_start = .
 *(.ctors)
                0x0000c0e8                __ctors_end = .
                0x0000c0e8                __dtors_start = .
 *(.dtors)
                0x0000c0e8                __dtors_end = .
                0x0000c0e8                . = ALIGN (0x2)
 *(.text .text.* .gnu.linkonce.t.*)
 .text          0x0000c0e8        0x4 /usr/lib/gcc/msp430/4.6.3/crt0ivtbl16.o
                0x0000c0e8                __isr_14
                0x0000c0e8                __isr_4
                0x0000c0e8                __isr_11
                0x0000c0e8                __isr_0
                0x0000c0e8                __isr_3
                0x0000c0e8                __isr_6
                0x0000c0e8                __isr_1
 .text.process_thread_heartbeat_process
                0x0000c0ec       0x82 readadc-event.co
 .text.process_thread_adc_reading_process
                0x0000c16e       0x68 readadc-event.co
 .text.call_process
                0x0000c1d6       0x4a contiki-launchpad.a(process.o)
 .text.exit_process
                0x0000c220       0x96 contiki-launchpad.a(process.o)
 .text.do_poll  0x0000c2b6       0x30 contiki-launchpad.a(process.o)
 .text.process_alloc_event
                0x0000c2e6        0xe contiki-launchpad.a(process.o)
                0x0000c2e6                process_alloc_event
 .text.process_init
                0x0000c2f4       0x1c contiki-launchpad.a(process.o)
                0x0000c2f4                process_init
 .text.process_run
                0x0000c310       0xa2 contiki-launchpad.a(process.o)
                0x0000c310                process_run
 .text.process_nevents
                0x0000c3b2        0xe contiki-launchpad.a(process.o)
                0x0000c3b2                process_nevents
 .text.process_post
                0x0000c3c0       0x54 contiki-launchpad.a(process.o)
                0x0000c3c0                process_post
 .text.process_post_synch
                0x0000c414       0x12 contiki-launchpad.a(process.o)
                0x0000c414                process_post_synch
 .text.process_start
                0x0000c426       0x32 contiki-launchpad.a(process.o)
                0x0000c426                process_start
 .text.process_poll
                0x0000c458       0x18 contiki-launchpad.a(process.o)
                0x0000c458                process_poll
 .text.autostart_start
                0x0000c470       0x16 contiki-launchpad.a(autostart.o)
                0x0000c470                autostart_start
 .text.process_thread_serial_line_process
                0x0000c486       0x9c contiki-launchpad.a(serial-line.o)
 .text.serial_line_input_byte
                0x0000c522       0x4a contiki-launchpad.a(serial-line.o)
                0x0000c522                serial_line_input_byte
 .text.serial_line_init
                0x0000c56c       0x1c contiki-launchpad.a(serial-line.o)
                0x0000c56c                serial_line_init
 .text.update_time
                0x0000c588       0x78 contiki-launchpad.a(etimer.o)
 .text.etimer_request_poll
                0x0000c600        0xa contiki-launchpad.a(etimer.o)
                0x0000c600                etimer_request_poll
 .text.process_thread_etimer_process
                0x0000c60a       0xc8 contiki-launchpad.a(etimer.o)
 .text.add_timer
                0x0000c6d2       0x38 contiki-launchpad.a(etimer.o)
 .text.etimer_set
                0x0000c70a       0x12 contiki-launchpad.a(etimer.o)
                0x0000c70a                etimer_set
 .text.etimer_expired
                0x0000c71c        0xe contiki-launchpad.a(etimer.o)
                0x0000c71c                etimer_expired
 .text.etimer_pending
                0x0000c72a        0xc contiki-launchpad.a(etimer.o)
                0x0000c72a                etimer_pending
 .text.etimer_next_expiration_time
                0x0000c736       0x16 contiki-launchpad.a(etimer.o)
                0x0000c736                etimer_next_expiration_time
 .text.process_thread_ctimer_process
                0x0000c74c       0xa4 contiki-launchpad.a(ctimer.o)
 .text.ctimer_init
                0x0000c7f0       0x18 contiki-launchpad.a(ctimer.o)
                0x0000c7f0                ctimer_init
 .text.rtimer_init
                0x0000c808        0x6 contiki-launchpad.a(rtimer.o)
                0x0000c808                rtimer_init
 .text.rtimer_run_next
                0x0000c80e       0x26 contiki-launchpad.a(rtimer.o)
                0x0000c80e                rtimer_run_next
 .text.ringbuf_init
                0x0000c834       0x14 contiki-launchpad.a(ringbuf.o)
                0x0000c834                ringbuf_init
 .text.ringbuf_put
                0x0000c848       0x38 contiki-launchpad.a(ringbuf.o)
                0x0000c848                ringbuf_put
 .text.ringbuf_get
                0x0000c880       0x32 contiki-launchpad.a(ringbuf.o)
                0x0000c880                ringbuf_get
 .text.uart0_active
                0x0000c8b2       0x16 contiki-launchpad.a(uart0.o)
                0x0000c8b2                uart0_active
 .text.uart0_set_input
                0x0000c8c8        0x6 contiki-launchpad.a(uart0.o)
                0x0000c8c8                uart0_set_input
 .text.uart0_writeb
                0x0000c8ce       0x18 contiki-launchpad.a(uart0.o)
                0x0000c8ce                uart0_writeb
 .text.putchar  0x0000c8e6       0x10 contiki-launchpad.a(uart0.o)
                0x0000c8e6                putchar
 .text.uart0_init
                0x0000c8f6       0x3e contiki-launchpad.a(uart0.o)
                0x0000c8f6                uart0_init
 .text.uartA0B0_rx_interrupt
                0x0000c934       0x38 contiki-launchpad.a(uart0.o)
                0x0000c934                __isr_7
                0x0000c934                uartA0B0_rx_interrupt
 .text.init_pininput
                0x0000c96c       0x20 contiki-launchpad.a(adc.o)
 .text.adc_init
                0x0000c98c       0x16 contiki-launchpad.a(adc.o)
                0x0000c98c                adc_init
 .text.adc_busy
                0x0000c9a2       0x14 contiki-launchpad.a(adc.o)
                0x0000c9a2                adc_busy
 .text.adc_get_event
                0x0000c9b6       0x5c contiki-launchpad.a(adc.o)
                0x0000c9b6                adc_get_event
 .text.adc10_interrupt
                0x0000ca12       0x6e contiki-launchpad.a(adc.o)
                0x0000ca12                __isr_5
                0x0000ca12                adc10_interrupt
 .text.pwm_init
                0x0000ca80       0x44 contiki-launchpad.a(pwm.o)
                0x0000ca80                pwm_init
 .text.pwm_periodstart_ta1ccr0_isr
                0x0000cac4       0x6c contiki-launchpad.a(pwm.o)
                0x0000cac4                pwm_periodstart_ta1ccr0_isr
                0x0000cac4                __isr_13
 .text.pwm_ccrmatch_ta1ccrX_isr
                0x0000cb30       0x78 contiki-launchpad.a(pwm.o)
                0x0000cb30                __isr_12
                0x0000cb30                pwm_ccrmatch_ta1ccrX_isr
 .text.button_init
                0x0000cba8       0x40 contiki-launchpad.a(button.o)
                0x0000cba8                button_init
 .text.button_interrupt
                0x0000cbe8       0x5a contiki-launchpad.a(button.o)
                0x0000cbe8                __isr_2
                0x0000cbe8                button_interrupt
 .text.msp430_init_dco
                0x0000cc42       0x2c contiki-launchpad.a(msp430.o)
                0x0000cc42                msp430_init_dco
 .text.msp430_cpu_init
                0x0000cc6e       0x3e contiki-launchpad.a(msp430.o)
                0x0000cc6e                msp430_cpu_init
 .text.clock_time
                0x0000ccac       0x1a contiki-launchpad.a(clock.o)
                0x0000ccac                clock_time
 .text.timera0_interrupt
                0x0000ccc6       0xb0 contiki-launchpad.a(clock.o)
                0x0000ccc6                timera0_interrupt
                0x0000ccc6                __isr_9
 .text.clock_init
                0x0000cd76       0x28 contiki-launchpad.a(clock.o)
                0x0000cd76                clock_init
 .text.leds_init
                0x0000cd9e       0x20 contiki-launchpad.a(minileds.o)
                0x0000cd9e                leds_init
 .text.leds_on  0x0000cdbe       0x18 contiki-launchpad.a(minileds.o)
                0x0000cdbe                leds_on
 .text.leds_off
                0x0000cdd6       0x1a contiki-launchpad.a(minileds.o)
                0x0000cdd6                leds_off
 .text.watchdog_interrupt
                0x0000cdf0        0x6 contiki-launchpad.a(watchdog.o)
                0x0000cdf0                __isr_10
                0x0000cdf0                watchdog_interrupt
 .text.watchdog_start
                0x0000cdf6       0x14 contiki-launchpad.a(watchdog.o)
                0x0000cdf6                watchdog_start
 .text.watchdog_periodic
                0x0000ce0a       0x12 contiki-launchpad.a(watchdog.o)
                0x0000ce0a                watchdog_periodic
 .text.watchdog_stop
                0x0000ce1c       0x16 contiki-launchpad.a(watchdog.o)
                0x0000ce1c                watchdog_stop
 .text.watchdog_init
                0x0000ce32       0x14 contiki-launchpad.a(watchdog.o)
                0x0000ce32                watchdog_init
 .text.rtimer_a01_isr
                0x0000ce46       0xce contiki-launchpad.a(rtimer-arch.o)
                0x0000ce46                rtimer_a01_isr
                0x0000ce46                __isr_8
 .text.rtimer_arch_init
                0x0000cf14       0x14 contiki-launchpad.a(rtimer-arch.o)
                0x0000cf14                rtimer_arch_init
 .text.rtimer_arch_schedule
                0x0000cf28        0x6 contiki-launchpad.a(rtimer-arch.o)
                0x0000cf28                rtimer_arch_schedule
 .text.timer_set
                0x0000cf2e       0x1c contiki-launchpad.a(timer.o)
                0x0000cf2e                timer_set
 .text.timer_expired
                0x0000cf4a       0x2a contiki-launchpad.a(timer.o)
                0x0000cf4a                timer_expired
 .text.list_init
                0x0000cf74        0x6 contiki-launchpad.a(list.o)
                0x0000cf74                list_init
 .text.list_head
                0x0000cf7a        0x4 contiki-launchpad.a(list.o)
                0x0000cf7a                list_head
 .text.list_remove
                0x0000cf7e       0x34 contiki-launchpad.a(list.o)
                0x0000cf7e                list_remove
 .text.libgcc   0x0000cfb2       0x22 /usr/lib/gcc/msp430/4.6.3/libgcc.a(_udivmod16.o)
                0x0000cfb2                __udivhi3
                0x0000cfb2                __ext_udivmod16
                0x0000cfcc                __umodhi3
 .text          0x0000cfd4       0x1e /usr/lib/gcc/msp430/4.6.3/../../../../msp430/lib/libc.a(printf.o)
                0x0000cfd4                printf
                0x0000cfe4                vprintf
 .text          0x0000cff2      0x836 /usr/lib/gcc/msp430/4.6.3/../../../../msp430/lib/libc.a(vuprintf.o)
                0x0000d18a                vuprintf
 .text          0x0000d828       0x2c /usr/lib/gcc/msp430/4.6.3/../../../../msp430/lib/libc.a(puts.o)
                0x0000d828                puts
 .text.libgcc   0x0000d854       0x40 /usr/lib/gcc/msp430/4.6.3/libgcc.a(_udivmod32.o)
                0x0000d854                __udivsi3
                0x0000d854                __ext_udivmod32
                0x0000d88a                __umodsi3
 .text.libgcc   0x0000d894       0xf0 /usr/lib/gcc/msp430/4.6.3/libgcc.a(_udivmod64.o)
                0x0000d894                __xabi_udivmod64
                0x0000d8f2                __udivdi3
                0x0000d918                __umoddi3
                0x0000d946                __udivmoddi4
 .text.crt0     0x0000d984        0x2 /usr/lib/gcc/msp430/4.6.3/libcrt0.a(_unexpected_.o)
                0x0000d984                _unexpected_
                0x0000d986                . = ALIGN (0x2)

.rodata         0x0000d986       0x74
                0x0000d986                . = ALIGN (0x2)
 *(.rodata .rodata.* .gnu.linkonce.r.*)
 .rodata.process_thread_adc_reading_process
                0x0000d986        0x9 readadc-event.co
 *fill*         0x0000d98f        0x1 00
 .rodata.autostart_processes
                0x0000d990        0x6 readadc-event.co
                0x0000d990                autostart_processes
 .rodata        0x0000d996       0x1f readadc-event.co
 .rodata        0x0000d9b5       0x15 obj_launchpad/contiki-launchpad-main.o
 .rodata        0x0000d9ca        0xe contiki-launchpad.a(serial-line.o)
 .rodata        0x0000d9d8        0xc contiki-launchpad.a(etimer.o)
 .rodata        0x0000d9e4        0xf contiki-launchpad.a(ctimer.o)
 .rodata        0x0000d9f3        0x7 /usr/lib/gcc/msp430/4.6.3/../../../../msp430/lib/libc.a(vuprintf.o)
                0x0000d9fa                . = ALIGN (0x2)
                0x0000d9fa                _etext = .

.data           0x00000200       0x36 load address 0x0000d9fa
                0x00000200                . = ALIGN (0x2)
                0x00000200                PROVIDE (__data_start, .)
 *(.data .data.* .gnu.linkonce.d.*)
 .data.heartbeat_process
                0x00000200        0xa readadc-event.co
                0x00000200                heartbeat_process
 .data.adc_reading_process
                0x0000020a        0xa readadc-event.co
                0x0000020a                adc_reading_process
 .data.serial_line_process
                0x00000214        0xa contiki-launchpad.a(serial-line.o)
                0x00000214                serial_line_process
 .data.etimer_process
                0x0000021e        0xa contiki-launchpad.a(etimer.o)
                0x0000021e                etimer_process
 .data.ctimer_process
                0x00000228        0xa contiki-launchpad.a(ctimer.o)
                0x00000228                ctimer_process
 .data.period   0x00000232        0x2 contiki-launchpad.a(pwm.o)
 .data.cur_break
                0x00000234        0x2 contiki-launchpad.a(msp430.o)
                0x00000236                . = ALIGN (0x2)
                0x00000236                _edata = .
                0x0000d9fa                PROVIDE (__data_load_start, LOADADDR (.data))
                0x00000036                PROVIDE (__data_size, SIZEOF (.data))

.bss            0x00000236       0xb8 load address 0x0000da30
                0x00000236                PROVIDE (__bss_start, .)
 *(.bss .bss.*)
 .bss.etb       0x00000236        0xc readadc-event.co
 .bss.dcoreq    0x00000242        0x1 obj_launchpad/contiki-launchpad-main.o
 .bss.poll_requested
                0x00000243        0x1 contiki-launchpad.a(process.o)
 .bss.process_current
                0x00000244        0x2 contiki-launchpad.a(process.o)
                0x00000244                process_current
 .bss.process_list
                0x00000246        0x2 contiki-launchpad.a(process.o)
                0x00000246                process_list
 .bss.lastevent
                0x00000248        0x1 contiki-launchpad.a(process.o)
 .bss.fevent    0x00000249        0x1 contiki-launchpad.a(process.o)
 .bss.nevents   0x0000024a        0x1 contiki-launchpad.a(process.o)
 *fill*         0x0000024b        0x1 00
 .bss.events    0x0000024c       0x30 contiki-launchpad.a(process.o)
 .bss.ev.1739   0x0000027c        0x1 contiki-launchpad.a(process.o)
 *fill*         0x0000027d        0x1 00
 .bss.data.1740
                0x0000027e        0x2 contiki-launchpad.a(process.o)
 .bss.receiver.1741
                0x00000280        0x2 contiki-launchpad.a(process.o)
 .bss.p.1742    0x00000282        0x2 contiki-launchpad.a(process.o)
 .bss.snum.1757
                0x00000284        0x1 contiki-launchpad.a(process.o)
 .bss.overflow.1814
                0x00000285        0x1 contiki-launchpad.a(serial-line.o)
 .bss.rxbuf     0x00000286        0x6 contiki-launchpad.a(serial-line.o)
 .bss.ptr.1821  0x0000028c        0x2 contiki-launchpad.a(serial-line.o)
 .bss.buf.1820  0x0000028e       0x10 contiki-launchpad.a(serial-line.o)
 .bss.rxbuf_data
                0x0000029e       0x10 contiki-launchpad.a(serial-line.o)
 .bss.timerlist
                0x000002ae        0x2 contiki-launchpad.a(etimer.o)
 .bss.next_expiration
                0x000002b0        0x4 contiki-launchpad.a(etimer.o)
 .bss.initialized
                0x000002b4        0x1 contiki-launchpad.a(ctimer.o)
 *fill*         0x000002b5        0x1 00
 .bss.ctimer_list_list
                0x000002b6        0x2 contiki-launchpad.a(ctimer.o)
 .bss.next_rtimer
                0x000002b8        0x2 contiki-launchpad.a(rtimer.o)
 .bss.transmitting
                0x000002ba        0x1 contiki-launchpad.a(uart0.o)
 .bss.rx_in_progress
                0x000002bb        0x1 contiki-launchpad.a(uart0.o)
 .bss.uart0_input_handler
                0x000002bc        0x2 contiki-launchpad.a(uart0.o)
 .bss.calling_process
                0x000002be        0x2 contiki-launchpad.a(adc.o)
                0x000002be                calling_process
 .bss.dest      0x000002c0        0x2 contiki-launchpad.a(adc.o)
 .bss.state     0x000002c2        0x1 contiki-launchpad.a(adc.o)
 *fill*         0x000002c3        0x1 00
 .bss.adcbuf    0x000002c4        0x2 contiki-launchpad.a(adc.o)
 .bss.btnp      0x000002c6        0x1 contiki-launchpad.a(button.o)
                0x000002c6                btnp
 *fill*         0x000002c7        0x1 00
 .bss.debouncetimer
                0x000002c8        0x8 contiki-launchpad.a(button.o)
 .bss.last_tar  0x000002d0        0x2 contiki-launchpad.a(clock.o)
 .bss.count     0x000002d2        0x4 contiki-launchpad.a(clock.o)
 .bss.seconds   0x000002d6        0x4 contiki-launchpad.a(clock.o)
 .bss.counter   0x000002da        0x2 contiki-launchpad.a(watchdog.o)
 .bss.period_end
                0x000002dc        0x1 contiki-launchpad.a(rtimer-arch.o)
 *(COMMON)
 COMMON         0x000002dd        0x1 readadc-event.co
                0x000002dd                adc_event
 COMMON         0x000002de        0x1 obj_launchpad/contiki-launchpad-main.o
                0x000002de                button_event
 COMMON         0x000002df        0x1 contiki-launchpad.a(process.o)
                0x000002df                process_maxevents
 COMMON         0x000002e0        0x1 contiki-launchpad.a(serial-line.o)
                0x000002e0                serial_line_event_message
 *fill*         0x000002e1        0x1 00
 COMMON         0x000002e2        0x8 contiki-launchpad.a(pwm.o)
                0x000002e2                pwms
 COMMON         0x000002ea        0x4 contiki-launchpad.a(rtimer-arch.o)
                0x000002ea                spwm
                0x000002ee                . = ALIGN (0x2)
                0x000002ee                PROVIDE (__bss_end, .)
                0x000000b8                PROVIDE (__bss_size, SIZEOF (.bss))

.noinit         0x000002ee        0x2 load address 0x0000da30
                0x000002ee                PROVIDE (__noinit_start, .)
 *(.noinit .noinit.*)
 .noinit.crt0   0x000002ee        0x2 /usr/lib/gcc/msp430/4.6.3/libcrt0.a(__watchdog_support.o)
                0x000002ee                __wdt_clear_value
                0x000002f0                . = ALIGN (0x2)
                0x000002f0                PROVIDE (__noinit_end, .)
                0x000002f0                . = ALIGN (0x2)
                0x000002f0                _end = .

.infomem        0x00001000        0x0
 *(.infomem)
                0x00001000                . = ALIGN (0x2)
 *(.infomem.*)

.infomemnobits  0x00001000        0x0
 *(.infomemnobits)
                0x00001000                . = ALIGN (0x2)
 *(.infomemnobits.*)

.infoa
 *(.infoa .infoa.*)

.infob
 *(.infob .infob.*)

.infoc
 *(.infoc .infoc.*)

.infod
 *(.infod .infod.*)

.vectors        0x0000ffe0       0x20
                0x0000ffe0                PROVIDE (__vectors_start, .)
 *(.vectors*)
 .vectors       0x0000ffe0       0x20 /usr/lib/gcc/msp430/4.6.3/crt0ivtbl16.o
                0x0000ffe0                __ivtbl_16
                0x00010000                _vectors_end = .

.fartext        0x00000000        0x0
                0x00000000                . = ALIGN (0x2)
 *(.fartext)
                0x00000000                . = ALIGN (0x2)
 *(.fartext.*)
                0x00000000                _efartext = .

.profiler
 *(.profiler)

.stab
 *(.stab)

.stabstr
 *(.stabstr)

.stab.excl
 *(.stab.excl)

.stab.exclstr
 *(.stab.exclstr)

.stab.index
 *(.stab.index)

.stab.indexstr
 *(.stab.indexstr)

.comment
 *(.comment)

.debug
 *(.debug)

.line
 *(.line)

.debug_srcinfo
 *(.debug_srcinfo)

.debug_sfnames
 *(.debug_sfnames)

.debug_aranges  0x00000000      0x44c
 *(.debug_aranges)
 .debug_aranges
                0x00000000       0x18 readadc-event.co
 .debug_aranges
                0x00000018       0x1c obj_launchpad/contiki-launchpad-main.o
 .debug_aranges
                0x00000034       0x44 contiki-launchpad.a(process.o)
 .debug_aranges
                0x00000078       0x18 contiki-launchpad.a(autostart.o)
 .debug_aranges
                0x00000090       0x1c contiki-launchpad.a(serial-line.o)
 .debug_aranges
                0x000000ac       0x48 contiki-launchpad.a(etimer.o)
 .debug_aranges
                0x000000f4       0x2c contiki-launchpad.a(ctimer.o)
 .debug_aranges
                0x00000120       0x1c contiki-launchpad.a(rtimer.o)
 .debug_aranges
                0x0000013c       0x24 contiki-launchpad.a(ringbuf.o)
 .debug_aranges
                0x00000160       0x28 contiki-launchpad.a(uart0.o)
 .debug_aranges
                0x00000188       0x34 contiki-launchpad.a(adc.o)
 .debug_aranges
                0x000001bc       0x38 contiki-launchpad.a(pwm.o)
 .debug_aranges
                0x000001f4       0x1c contiki-launchpad.a(button.o)
 .debug_aranges
                0x00000210       0x20 contiki-launchpad.a(msp430.o)
 .debug_aranges
                0x00000230       0x3c contiki-launchpad.a(clock.o)
 .debug_aranges
                0x0000026c       0x20 contiki-launchpad.a(minileds.o)
 .debug_aranges
                0x0000028c       0x28 contiki-launchpad.a(watchdog.o)
 .debug_aranges
                0x000002b4       0x30 contiki-launchpad.a(rtimer-arch.o)
 .debug_aranges
                0x000002e4       0x24 contiki-launchpad.a(timer.o)
 .debug_aranges
                0x00000308       0x40 contiki-launchpad.a(list.o)
 .debug_aranges
                0x00000348       0x14 /usr/lib/gcc/msp430/4.6.3/libgcc.a(_mulhi3.o)
 .debug_aranges
                0x0000035c       0x14 /usr/lib/gcc/msp430/4.6.3/libgcc.a(_udivmod16.o)
 .debug_aranges
                0x00000370       0x14 /usr/lib/gcc/msp430/4.6.3/../../../../msp430/lib/libc.a(printf.o)
 .debug_aranges
                0x00000384       0x14 /usr/lib/gcc/msp430/4.6.3/../../../../msp430/lib/libc.a(vuprintf.o)
 .debug_aranges
                0x00000398       0x14 /usr/lib/gcc/msp430/4.6.3/../../../../msp430/lib/libc.a(puts.o)
 .debug_aranges
                0x000003ac       0x14 /usr/lib/gcc/msp430/4.6.3/libgcc.a(_udivmod32.o)
 .debug_aranges
                0x000003c0       0x14 /usr/lib/gcc/msp430/4.6.3/libgcc.a(_udivmod64.o)
 .debug_aranges
                0x000003d4       0x14 /usr/lib/gcc/msp430/4.6.3/libcrt0.a(__watchdog_support.o)
 .debug_aranges
                0x000003e8       0x14 /usr/lib/gcc/msp430/4.6.3/libcrt0.a(__init_stack.o)
 .debug_aranges
                0x000003fc       0x14 /usr/lib/gcc/msp430/4.6.3/libcrt0.a(_copy_data.o)
 .debug_aranges
                0x00000410       0x14 /usr/lib/gcc/msp430/4.6.3/libcrt0.a(_clear_bss.o)
 .debug_aranges
                0x00000424       0x14 /usr/lib/gcc/msp430/4.6.3/libcrt0.a(_endless_loop__.o)
 .debug_aranges
                0x00000438       0x14 /usr/lib/gcc/msp430/4.6.3/libcrt0.a(_unexpected_.o)

.debug_pubnames
 *(.debug_pubnames)

.debug_info     0x00000000     0x44e7
 *(.debug_info)
 .debug_info    0x00000000      0x321 readadc-event.co
 .debug_info    0x00000321      0x2a8 obj_launchpad/contiki-launchpad-main.o
 .debug_info    0x000005c9      0x543 contiki-launchpad.a(process.o)
 .debug_info    0x00000b0c      0x1b1 contiki-launchpad.a(autostart.o)
 .debug_info    0x00000cbd      0x2d8 contiki-launchpad.a(serial-line.o)
 .debug_info    0x00000f95      0x4ae contiki-launchpad.a(etimer.o)
 .debug_info    0x00001443      0x431 contiki-launchpad.a(ctimer.o)
 .debug_info    0x00001874      0x1ac contiki-launchpad.a(rtimer.o)
 .debug_info    0x00001a20      0x1b4 contiki-launchpad.a(ringbuf.o)
 .debug_info    0x00001bd4      0x254 contiki-launchpad.a(uart0.o)
 .debug_info    0x00001e28      0x3ff contiki-launchpad.a(adc.o)
 .debug_info    0x00002227      0x35c contiki-launchpad.a(pwm.o)
 .debug_info    0x00002583      0x1a2 contiki-launchpad.a(button.o)
 .debug_info    0x00002725      0x2b6 contiki-launchpad.a(msp430.o)
 .debug_info    0x000029db      0x2d0 contiki-launchpad.a(clock.o)
 .debug_info    0x00002cab      0x147 contiki-launchpad.a(minileds.o)
 .debug_info    0x00002df2      0x12f contiki-launchpad.a(watchdog.o)
 .debug_info    0x00002f21      0x2d6 contiki-launchpad.a(rtimer-arch.o)
 .debug_info    0x000031f7      0x174 contiki-launchpad.a(timer.o)
 .debug_info    0x0000336b      0x2f4 contiki-launchpad.a(list.o)
 .debug_info    0x0000365f       0xce /usr/lib/gcc/msp430/4.6.3/libgcc.a(_mulhi3.o)
 .debug_info    0x0000372d       0xce /usr/lib/gcc/msp430/4.6.3/libgcc.a(_udivmod16.o)
 .debug_info    0x000037fb      0x105 /usr/lib/gcc/msp430/4.6.3/../../../../msp430/lib/libc.a(printf.o)
 .debug_info    0x00003900      0x565 /usr/lib/gcc/msp430/4.6.3/../../../../msp430/lib/libc.a(vuprintf.o)
 .debug_info    0x00003e65       0x96 /usr/lib/gcc/msp430/4.6.3/../../../../msp430/lib/libc.a(puts.o)
 .debug_info    0x00003efb       0xce /usr/lib/gcc/msp430/4.6.3/libgcc.a(_udivmod32.o)
 .debug_info    0x00003fc9       0xce /usr/lib/gcc/msp430/4.6.3/libgcc.a(_udivmod64.o)
 .debug_info    0x00004097       0xb8 /usr/lib/gcc/msp430/4.6.3/libcrt0.a(__watchdog_support.o)
 .debug_info    0x0000414f       0xb8 /usr/lib/gcc/msp430/4.6.3/libcrt0.a(__init_stack.o)
 .debug_info    0x00004207       0xb8 /usr/lib/gcc/msp430/4.6.3/libcrt0.a(_copy_data.o)
 .debug_info    0x000042bf       0xb8 /usr/lib/gcc/msp430/4.6.3/libcrt0.a(_clear_bss.o)
 .debug_info    0x00004377       0xb8 /usr/lib/gcc/msp430/4.6.3/libcrt0.a(_endless_loop__.o)
 .debug_info    0x0000442f       0xb8 /usr/lib/gcc/msp430/4.6.3/libcrt0.a(_unexpected_.o)
 *(.gnu.linkonce.wi.*)

.debug_abbrev   0x00000000     0x2050
 *(.debug_abbrev)
 .debug_abbrev  0x00000000      0x17c readadc-event.co
 .debug_abbrev  0x0000017c      0x178 obj_launchpad/contiki-launchpad-main.o
 .debug_abbrev  0x000002f4      0x325 contiki-launchpad.a(process.o)
 .debug_abbrev  0x00000619       0xf7 contiki-launchpad.a(autostart.o)
 .debug_abbrev  0x00000710      0x1ae contiki-launchpad.a(serial-line.o)
 .debug_abbrev  0x000008be      0x27c contiki-launchpad.a(etimer.o)
 .debug_abbrev  0x00000b3a      0x1b5 contiki-launchpad.a(ctimer.o)
 .debug_abbrev  0x00000cef      0x12c contiki-launchpad.a(rtimer.o)
 .debug_abbrev  0x00000e1b      0x10b contiki-launchpad.a(ringbuf.o)
 .debug_abbrev  0x00000f26      0x138 contiki-launchpad.a(uart0.o)
 .debug_abbrev  0x0000105e      0x1c8 contiki-launchpad.a(adc.o)
 .debug_abbrev  0x00001226      0x1e2 contiki-launchpad.a(pwm.o)
 .debug_abbrev  0x00001408       0xd3 contiki-launchpad.a(button.o)
 .debug_abbrev  0x000014db      0x13e contiki-launchpad.a(msp430.o)
 .debug_abbrev  0x00001619      0x136 contiki-launchpad.a(clock.o)
 .debug_abbrev  0x0000174f       0x82 contiki-launchpad.a(minileds.o)
 .debug_abbrev  0x000017d1       0xd7 contiki-launchpad.a(watchdog.o)
 .debug_abbrev  0x000018a8      0x174 contiki-launchpad.a(rtimer-arch.o)
 .debug_abbrev  0x00001a1c       0xfa contiki-launchpad.a(timer.o)
 .debug_abbrev  0x00001b16      0x153 contiki-launchpad.a(list.o)
 .debug_abbrev  0x00001c69       0x14 /usr/lib/gcc/msp430/4.6.3/libgcc.a(_mulhi3.o)
 .debug_abbrev  0x00001c7d       0x14 /usr/lib/gcc/msp430/4.6.3/libgcc.a(_udivmod16.o)
 .debug_abbrev  0x00001c91       0xd0 /usr/lib/gcc/msp430/4.6.3/../../../../msp430/lib/libc.a(printf.o)
 .debug_abbrev  0x00001d61      0x1ef /usr/lib/gcc/msp430/4.6.3/../../../../msp430/lib/libc.a(vuprintf.o)
 .debug_abbrev  0x00001f50       0x60 /usr/lib/gcc/msp430/4.6.3/../../../../msp430/lib/libc.a(puts.o)
 .debug_abbrev  0x00001fb0       0x14 /usr/lib/gcc/msp430/4.6.3/libgcc.a(_udivmod32.o)
 .debug_abbrev  0x00001fc4       0x14 /usr/lib/gcc/msp430/4.6.3/libgcc.a(_udivmod64.o)
 .debug_abbrev  0x00001fd8       0x14 /usr/lib/gcc/msp430/4.6.3/libcrt0.a(__watchdog_support.o)
 .debug_abbrev  0x00001fec       0x14 /usr/lib/gcc/msp430/4.6.3/libcrt0.a(__init_stack.o)
 .debug_abbrev  0x00002000       0x14 /usr/lib/gcc/msp430/4.6.3/libcrt0.a(_copy_data.o)
 .debug_abbrev  0x00002014       0x14 /usr/lib/gcc/msp430/4.6.3/libcrt0.a(_clear_bss.o)
 .debug_abbrev  0x00002028       0x14 /usr/lib/gcc/msp430/4.6.3/libcrt0.a(_endless_loop__.o)
 .debug_abbrev  0x0000203c       0x14 /usr/lib/gcc/msp430/4.6.3/libcrt0.a(_unexpected_.o)

.debug_line     0x00000000     0x2448
 *(.debug_line)
 .debug_line    0x00000000      0x168 readadc-event.co
 .debug_line    0x00000168      0x1cf obj_launchpad/contiki-launchpad-main.o
 .debug_line    0x00000337      0x1d9 contiki-launchpad.a(process.o)
 .debug_line    0x00000510       0xa9 contiki-launchpad.a(autostart.o)
 .debug_line    0x000005b9      0x136 contiki-launchpad.a(serial-line.o)
 .debug_line    0x000006ef      0x220 contiki-launchpad.a(etimer.o)
 .debug_line    0x0000090f      0x1b0 contiki-launchpad.a(ctimer.o)
 .debug_line    0x00000abf       0x93 contiki-launchpad.a(rtimer.o)
 .debug_line    0x00000b52       0xfd contiki-launchpad.a(ringbuf.o)
 .debug_line    0x00000c4f      0x10e contiki-launchpad.a(uart0.o)
 .debug_line    0x00000d5d      0x1bc contiki-launchpad.a(adc.o)
 .debug_line    0x00000f19      0x1bf contiki-launchpad.a(pwm.o)
 .debug_line    0x000010d8      0x146 contiki-launchpad.a(button.o)
 .debug_line    0x0000121e      0x12e contiki-launchpad.a(msp430.o)
 .debug_line    0x0000134c      0x1ef contiki-launchpad.a(clock.o)
 .debug_line    0x0000153b       0xda contiki-launchpad.a(minileds.o)
 .debug_line    0x00001615       0xf8 contiki-launchpad.a(watchdog.o)
 .debug_line    0x0000170d      0x18b contiki-launchpad.a(rtimer-arch.o)
 .debug_line    0x00001898       0xde contiki-launchpad.a(timer.o)
 .debug_line    0x00001976      0x155 contiki-launchpad.a(list.o)
 .debug_line    0x00001acb       0x99 /usr/lib/gcc/msp430/4.6.3/libgcc.a(_mulhi3.o)
 .debug_line    0x00001b64       0x9c /usr/lib/gcc/msp430/4.6.3/libgcc.a(_udivmod16.o)
 .debug_line    0x00001c00       0x72 /usr/lib/gcc/msp430/4.6.3/../../../../msp430/lib/libc.a(printf.o)
 .debug_line    0x00001c72      0x2d2 /usr/lib/gcc/msp430/4.6.3/../../../../msp430/lib/libc.a(vuprintf.o)
 .debug_line    0x00001f44       0x4d /usr/lib/gcc/msp430/4.6.3/../../../../msp430/lib/libc.a(puts.o)
 .debug_line    0x00001f91       0xab /usr/lib/gcc/msp430/4.6.3/libgcc.a(_udivmod32.o)
 .debug_line    0x0000203c       0xf1 /usr/lib/gcc/msp430/4.6.3/libgcc.a(_udivmod64.o)
 .debug_line    0x0000212d       0x84 /usr/lib/gcc/msp430/4.6.3/libcrt0.a(__watchdog_support.o)
 .debug_line    0x000021b1       0x82 /usr/lib/gcc/msp430/4.6.3/libcrt0.a(__init_stack.o)
 .debug_line    0x00002233       0x88 /usr/lib/gcc/msp430/4.6.3/libcrt0.a(_copy_data.o)
 .debug_line    0x000022bb       0x88 /usr/lib/gcc/msp430/4.6.3/libcrt0.a(_clear_bss.o)
 .debug_line    0x00002343       0x83 /usr/lib/gcc/msp430/4.6.3/libcrt0.a(_endless_loop__.o)
 .debug_line    0x000023c6       0x82 /usr/lib/gcc/msp430/4.6.3/libcrt0.a(_unexpected_.o)

.debug_frame    0x00000000      0xa9e
 *(.debug_frame)
 .debug_frame   0x00000000       0x4a readadc-event.co
 .debug_frame   0x0000004a       0x36 obj_launchpad/contiki-launchpad-main.o
 .debug_frame   0x00000080       0xe8 contiki-launchpad.a(process.o)
 .debug_frame   0x00000168       0x36 contiki-launchpad.a(autostart.o)
 .debug_frame   0x0000019e       0x3c contiki-launchpad.a(serial-line.o)
 .debug_frame   0x000001da       0xf8 contiki-launchpad.a(etimer.o)
 .debug_frame   0x000002d2       0xaa contiki-launchpad.a(ctimer.o)
 .debug_frame   0x0000037c       0x36 contiki-launchpad.a(rtimer.o)
 .debug_frame   0x000003b2       0x5e contiki-launchpad.a(ringbuf.o)
 .debug_frame   0x00000410       0x7a contiki-launchpad.a(uart0.o)
 .debug_frame   0x0000048a       0xb2 contiki-launchpad.a(adc.o)
 .debug_frame   0x0000053c       0xbe contiki-launchpad.a(pwm.o)
 .debug_frame   0x000005fa       0x4a contiki-launchpad.a(button.o)
 .debug_frame   0x00000644       0x42 contiki-launchpad.a(msp430.o)
 .debug_frame   0x00000686       0xc8 contiki-launchpad.a(clock.o)
 .debug_frame   0x0000074e       0x42 contiki-launchpad.a(minileds.o)
 .debug_frame   0x00000790       0x5a contiki-launchpad.a(watchdog.o)
 .debug_frame   0x000007ea       0x90 contiki-launchpad.a(rtimer-arch.o)
 .debug_frame   0x0000087a       0x6a contiki-launchpad.a(timer.o)
 .debug_frame   0x000008e4       0xbc contiki-launchpad.a(list.o)
 .debug_frame   0x000009a0       0x2a /usr/lib/gcc/msp430/4.6.3/../../../../msp430/lib/libc.a(printf.o)
 .debug_frame   0x000009ca       0xb0 /usr/lib/gcc/msp430/4.6.3/../../../../msp430/lib/libc.a(vuprintf.o)
 .debug_frame   0x00000a7a       0x24 /usr/lib/gcc/msp430/4.6.3/../../../../msp430/lib/libc.a(puts.o)

.debug_str      0x00000000     0x12e8
 *(.debug_str)
 .debug_str     0x00000000      0x1bf readadc-event.co
                                0x243 (size before relaxing)
 .debug_str     0x000001bf       0xdf obj_launchpad/contiki-launchpad-main.o
                                0x253 (size before relaxing)
 .debug_str     0x0000029e      0x16b contiki-launchpad.a(process.o)
                                0x2c8 (size before relaxing)
 .debug_str     0x00000409       0x3d contiki-launchpad.a(autostart.o)
                                0x180 (size before relaxing)
 .debug_str     0x00000446       0xbc contiki-launchpad.a(serial-line.o)
                                0x23f (size before relaxing)
 .debug_str     0x00000502      0x136 contiki-launchpad.a(etimer.o)
                                0x2d5 (size before relaxing)
 .debug_str     0x00000638       0xca contiki-launchpad.a(ctimer.o)
                                0x269 (size before relaxing)
 .debug_str     0x00000702       0xca contiki-launchpad.a(rtimer.o)
                                0x1c2 (size before relaxing)
 .debug_str     0x000007cc       0x67 contiki-launchpad.a(ringbuf.o)
                                0x182 (size before relaxing)
 .debug_str     0x00000833      0x112 contiki-launchpad.a(uart0.o)
                                0x25d (size before relaxing)
 .debug_str     0x00000945      0x11c contiki-launchpad.a(adc.o)
                                0x2d8 (size before relaxing)
 .debug_str     0x00000a61      0x10a contiki-launchpad.a(pwm.o)
                                0x2b6 (size before relaxing)
 .debug_str     0x00000b6b       0x70 contiki-launchpad.a(button.o)
                                0x1fd (size before relaxing)
 .debug_str     0x00000bdb       0xe3 contiki-launchpad.a(msp430.o)
                                0x278 (size before relaxing)
 .debug_str     0x00000cbe       0xea contiki-launchpad.a(clock.o)
                                0x232 (size before relaxing)
 .debug_str     0x00000da8       0x54 contiki-launchpad.a(minileds.o)
                                0x186 (size before relaxing)
 .debug_str     0x00000dfc       0x9e contiki-launchpad.a(watchdog.o)
                                0x19e (size before relaxing)
 .debug_str     0x00000e9a       0xf6 contiki-launchpad.a(rtimer-arch.o)
                                0x2a0 (size before relaxing)
 .debug_str     0x00000f90       0x2a contiki-launchpad.a(timer.o)
                                0x16f (size before relaxing)
 .debug_str     0x00000fba       0xab contiki-launchpad.a(list.o)
                                0x133 (size before relaxing)
 .debug_str     0x00001065       0x67 /usr/lib/gcc/msp430/4.6.3/../../../../msp430/lib/libc.a(printf.o)
                                0x12a (size before relaxing)
 .debug_str     0x000010cc      0x207 /usr/lib/gcc/msp430/4.6.3/../../../../msp430/lib/libc.a(vuprintf.o)
                                0x375 (size before relaxing)
 .debug_str     0x000012d3       0x15 /usr/lib/gcc/msp430/4.6.3/../../../../msp430/lib/libc.a(puts.o)
                                 0xf0 (size before relaxing)

.debug_loc      0x00000000     0x18f7
 *(.debug_loc)
 .debug_loc     0x00000000      0x12f readadc-event.co
 .debug_loc     0x0000012f        0xb obj_launchpad/contiki-launchpad-main.o
 .debug_loc     0x0000013a      0x21d contiki-launchpad.a(process.o)
 .debug_loc     0x00000357       0x56 contiki-launchpad.a(autostart.o)
 .debug_loc     0x000003ad       0xa9 contiki-launchpad.a(serial-line.o)
 .debug_loc     0x00000456      0x270 contiki-launchpad.a(etimer.o)
 .debug_loc     0x000006c6      0x205 contiki-launchpad.a(ctimer.o)
 .debug_loc     0x000008cb       0x5b contiki-launchpad.a(rtimer.o)
 .debug_loc     0x00000926       0xa3 contiki-launchpad.a(ringbuf.o)
 .debug_loc     0x000009c9       0xa6 contiki-launchpad.a(uart0.o)
 .debug_loc     0x00000a6f      0x12d contiki-launchpad.a(adc.o)
 .debug_loc     0x00000b9c      0x158 contiki-launchpad.a(pwm.o)
 .debug_loc     0x00000cf4       0x2c contiki-launchpad.a(button.o)
 .debug_loc     0x00000d20       0x60 contiki-launchpad.a(msp430.o)
 .debug_loc     0x00000d80       0xd4 contiki-launchpad.a(clock.o)
 .debug_loc     0x00000e54       0x21 contiki-launchpad.a(minileds.o)
 .debug_loc     0x00000e75       0xb3 contiki-launchpad.a(rtimer-arch.o)
 .debug_loc     0x00000f28       0xb9 contiki-launchpad.a(timer.o)
 .debug_loc     0x00000fe1      0x1ac contiki-launchpad.a(list.o)
 .debug_loc     0x0000118d       0x38 /usr/lib/gcc/msp430/4.6.3/../../../../msp430/lib/libc.a(printf.o)
 .debug_loc     0x000011c5      0x70c /usr/lib/gcc/msp430/4.6.3/../../../../msp430/lib/libc.a(vuprintf.o)
 .debug_loc     0x000018d1       0x26 /usr/lib/gcc/msp430/4.6.3/../../../../msp430/lib/libc.a(puts.o)

.debug_macinfo
 *(.debug_macinfo)

.debug_pubtypes
 *(.debug_pubtypes)

.debug_ranges   0x00000000      0x27c
 *(.debug_ranges)
 .debug_ranges  0x00000000        0xc readadc-event.co
 .debug_ranges  0x0000000c       0x10 obj_launchpad/contiki-launchpad-main.o
 .debug_ranges  0x0000001c       0x38 contiki-launchpad.a(process.o)
 .debug_ranges  0x00000054        0xc contiki-launchpad.a(autostart.o)
 .debug_ranges  0x00000060       0x1c contiki-launchpad.a(serial-line.o)
 .debug_ranges  0x0000007c       0x3c contiki-launchpad.a(etimer.o)
 .debug_ranges  0x000000b8       0x20 contiki-launchpad.a(ctimer.o)
 .debug_ranges  0x000000d8       0x10 contiki-launchpad.a(rtimer.o)
 .debug_ranges  0x000000e8       0x18 contiki-launchpad.a(ringbuf.o)
 .debug_ranges  0x00000100       0x1c contiki-launchpad.a(uart0.o)
 .debug_ranges  0x0000011c       0x28 contiki-launchpad.a(adc.o)
 .debug_ranges  0x00000144       0x2c contiki-launchpad.a(pwm.o)
 .debug_ranges  0x00000170       0x10 contiki-launchpad.a(button.o)
 .debug_ranges  0x00000180       0x14 contiki-launchpad.a(msp430.o)
 .debug_ranges  0x00000194       0x30 contiki-launchpad.a(clock.o)
 .debug_ranges  0x000001c4       0x14 contiki-launchpad.a(minileds.o)
 .debug_ranges  0x000001d8       0x1c contiki-launchpad.a(watchdog.o)
 .debug_ranges  0x000001f4       0x24 contiki-launchpad.a(rtimer-arch.o)
 .debug_ranges  0x00000218       0x18 contiki-launchpad.a(timer.o)
 .debug_ranges  0x00000230       0x34 contiki-launchpad.a(list.o)
 .debug_ranges  0x00000264       0x18 /usr/lib/gcc/msp430/4.6.3/../../../../msp430/lib/libc.a(vuprintf.o)
                0x00000400                PROVIDE (__stack, (ORIGIN (ram) + 0x200))
                0x0000d9fa                PROVIDE (__data_start_rom, _etext)
                0x0000da30                PROVIDE (__data_end_rom, (_etext + SIZEOF (.data)))
OUTPUT(readadc-event.launchpad elf32-msp430)
